exports[`SmartBanner snapshots should be matched the snapshot (android) 1`] = `
"<div class=\"smartbanner smartbanner-android\"><div class=\"smartbanner-container\"><a class=\"smartbanner-close\">×</a><span class=\"smartbanner-icon\" style=\"background-image: url(undefined);\"></span><div class=\"smartbanner-info\"><div class=\"smartbanner-title\"></div><div class=\"smartbanner-author\"></div><div class=\"smartbanner-description\">
      Free - In Google Play</div></div><div class=\"smartbanner-wrapper\"><a href=\"http://play.google.com/store/apps/details?id=com.facebook.katana\" class=\"smartbanner-button\"><span class=\"smartbanner-button-text\">View</span></a></div></div></div>"
`;

exports[`SmartBanner snapshots should be matched the snapshot (ios) 1`] = `
"<div class=\"smartbanner smartbanner-ios\"><div class=\"smartbanner-container\"><a class=\"smartbanner-close\">×</a><span class=\"smartbanner-icon\" style=\"background-image: url(undefined);\"></span><div class=\"smartbanner-info\"><div class=\"smartbanner-title\"></div><div class=\"smartbanner-author\"></div><div class=\"smartbanner-description\">
      Free - On the App Store</div></div><div class=\"smartbanner-wrapper\"><a href=\"https://itunes.apple.com/US/app/id284882215\" class=\"smartbanner-button\"><span class=\"smartbanner-button-text\">View</span></a></div></div></div>"
`;

exports[`SmartBanner snapshots should be matched the snapshot (kindle) 1`] = `
"<div class=\"smartbanner smartbanner-kindle\"><div class=\"smartbanner-container\"><a class=\"smartbanner-close\">×</a><span class=\"smartbanner-icon\" style=\"background-image: url(undefined);\"></span><div class=\"smartbanner-info\"><div class=\"smartbanner-title\"></div><div class=\"smartbanner-author\"></div><div class=\"smartbanner-description\">
      Free - In the Amazon Appstore</div></div><div class=\"smartbanner-wrapper\"><a href=\"amzn://apps/android?asin=B0094BB4TW\" class=\"smartbanner-button\"><span class=\"smartbanner-button-text\">View</span></a></div></div></div>"
`;

exports[`SmartBanner snapshots should be matched the snapshot (no type) 1`] = `"<div></div>"`;

exports[`SmartBanner snapshots should be matched the snapshot (windows) 1`] = `
"<div class=\"smartbanner smartbanner-windows\"><div class=\"smartbanner-container\"><a class=\"smartbanner-close\">×</a><span class=\"smartbanner-icon\" style=\"background-image: url(undefined);\"></span><div class=\"smartbanner-info\"><div class=\"smartbanner-title\"></div><div class=\"smartbanner-author\"></div><div class=\"smartbanner-description\">
      Free - In Windows Store</div></div><div class=\"smartbanner-wrapper\"><a href=\"http://www.windowsphone.com/s?appid=82a23635-5bd9-df11-a844-00237de2db9e\" class=\"smartbanner-button\"><span class=\"smartbanner-button-text\">View</span></a></div></div></div>"
`;
